[relay] WebSocket relay running on port 8080
[relay] For same-device testing: ws://localhost:8080/ws/:roomId?userId=Alice
[relay] For cross-device: find this device's local IP, then use:
[relay]   ws://<this-device-ip>:8080/ws/:roomId?userId=Alice
[relay] Find your IP: ipconfig getifaddr en0  (macOS) or ip addr  (Linux)
[relay] Client joined room: physics-chat as kevin
[relay] Client joined room: physics-chat as dave
[relay] physics-chat: kevin: I have a question
[relay] Client left room: physics-chat (dave)
[relay] Client left room: physics-chat (kevin)
[relay] Client joined room: physics-chat as dave
[relay] Client joined room: physics-chat as kevin
[relay] Client left room: physics-chat (kevin)
[relay] Client joined room: physics-chat as kevin
[relay] physics-chat: kevin: this is a test message. you need not reply
[relay] Client left room: physics-chat (kevin)
[relay] Client joined room: physics-chat as kevin
[relay] Client left room: physics-chat (kevin)
[relay] Client joined room: physics-chat as kevin
[relay] Client left room: physics-chat (kevin)
[relay] Client left room: physics-chat (dave)
[relay] Client joined room: physics-chat as dave
[relay] Client left room: physics-chat (dave)
[relay] Client joined room: physics-chat as dave
[relay] Client left room: physics-chat (dave)
[relay] Client joined room: physics-chat as dave
[relay] physics-chat: dave: 厉害
滑雪
懒
老公

Also note. This is from DuoLingo, Sect
[relay] physics-chat: dave: 农村
住在
[relay] physics-chat: dave: 麻将
爱好
太棒了 (should expressions go into vocabulary o
[relay] Client left room: physics-chat (dave)
[relay] Client joined room: physics-chat as dave
